../Drivers/IC_Drivers/Src/AK4619.c:22:9:ReadBits	32	static
../Drivers/IC_Drivers/Src/AK4619.c:27:9:ReplaceBits	32	static
../Drivers/IC_Drivers/Src/AK4619.c:32:9:AK4619_ActivateSPIComunication	32	static
../Drivers/IC_Drivers/Src/AK4619.c:62:9:AK4619_WriteSPI	40	static
../Drivers/IC_Drivers/Src/AK4619.c:92:9:AK4619_ReadSPI	48	static
../Drivers/IC_Drivers/Src/AK4619.c:122:9:AK4619_WriteI2C	56	static
../Drivers/IC_Drivers/Src/AK4619.c:149:9:AK4619_ReadI2C	56	static
../Drivers/IC_Drivers/Src/AK4619.c:172:9:AK4619_Write	24	static
../Drivers/IC_Drivers/Src/AK4619.c:182:9:AK4619_Read	24	static
../Drivers/IC_Drivers/Src/AK4619.c:192:9:AK4619_Init	16	static
../Drivers/IC_Drivers/Src/AK4619.c:202:9:AK4619_SetRegister_PowerManagementReg	16	static
../Drivers/IC_Drivers/Src/AK4619.c:206:9:AK4619_GetRegister_PowerManagementReg	16	static
../Drivers/IC_Drivers/Src/AK4619.c:210:9:AK4619_SetRegister_AudioInterfaceFormatReg	16	static
../Drivers/IC_Drivers/Src/AK4619.c:217:9:AK4619_GetRegister_AudioInterfaceFormatReg	16	static
../Drivers/IC_Drivers/Src/AK4619.c:224:9:AK4619_SetRegister_SystemClockReg	16	static
../Drivers/IC_Drivers/Src/AK4619.c:228:9:AK4619_GetRegister_SystemClockReg	16	static
../Drivers/IC_Drivers/Src/AK4619.c:232:9:AK4619_SetRegister_MicAmpReg	16	static
../Drivers/IC_Drivers/Src/AK4619.c:239:9:AK4619_GetRegister_MicAmpReg	16	static
../Drivers/IC_Drivers/Src/AK4619.c:246:9:AK4619_SetRegister_ADCDigitalVolumeReg	32	static
../Drivers/IC_Drivers/Src/AK4619.c:258:9:AK4619_GetRegister_ADCDigitalVolumeReg	32	static
../Drivers/IC_Drivers/Src/AK4619.c:270:9:AK4619_SetRegister_ADCDigitalFilterReg	16	static
../Drivers/IC_Drivers/Src/AK4619.c:274:9:AK4619_GetRegister_ADCDigitalFilterReg	16	static
../Drivers/IC_Drivers/Src/AK4619.c:278:9:AK4619_SetRegister_ADCAnalogInputReg	16	static
../Drivers/IC_Drivers/Src/AK4619.c:282:9:AK4619_GetRegister_ADCAnalogInputReg	16	static
../Drivers/IC_Drivers/Src/AK4619.c:286:9:AK4619_SetRegister_ADCMuteAndHPFControlReg	16	static
../Drivers/IC_Drivers/Src/AK4619.c:290:9:AK4619_GetRegister_ADCMuteAndHPFControlReg	16	static
../Drivers/IC_Drivers/Src/AK4619.c:294:9:AK4619_SetRegister_DACDigitalVolumeReg	32	static
../Drivers/IC_Drivers/Src/AK4619.c:306:9:AK4619_GetRegister_DACDigitalVolumeReg	32	static
../Drivers/IC_Drivers/Src/AK4619.c:318:9:AK4619_SetRegister_DACInputSettingsReg	16	static
../Drivers/IC_Drivers/Src/AK4619.c:322:9:AK4619_GetRegister_DACInputSettingsReg	16	static
../Drivers/IC_Drivers/Src/AK4619.c:326:9:AK4619_SetRegister_DACDeemphasisReg	16	static
../Drivers/IC_Drivers/Src/AK4619.c:330:9:AK4619_GetRegister_DACDeemphasisReg	16	static
../Drivers/IC_Drivers/Src/AK4619.c:334:9:AK4619_SetRegister_DACMuteAndFilterSettingsReg	16	static
../Drivers/IC_Drivers/Src/AK4619.c:338:9:AK4619_GetRegister_DACMuteAndFilterSettingsReg	16	static
../Drivers/IC_Drivers/Src/AK4619.c:344:9:AK4619_SetPowerSetting	32	static
../Drivers/IC_Drivers/Src/AK4619.c:367:9:AK4619_GetPowerSetting	40	static
../Drivers/IC_Drivers/Src/AK4619.c:387:9:AK4619_SetResetMode	32	static
../Drivers/IC_Drivers/Src/AK4619.c:406:9:AK4619_GetResetMode	40	static
../Drivers/IC_Drivers/Src/AK4619.c:418:9:AK4619_SetTDMMode	32	static
../Drivers/IC_Drivers/Src/AK4619.c:437:9:AK4619_GetTDMMode	40	static
../Drivers/IC_Drivers/Src/AK4619.c:449:9:AK4619_SetAudioInterfaceFormat	32	static
../Drivers/IC_Drivers/Src/AK4619.c:468:9:AK4619_GetAudioInterfaceFormat	40	static
../Drivers/IC_Drivers/Src/AK4619.c:480:9:AK4619_SetSlotLength	32	static
../Drivers/IC_Drivers/Src/AK4619.c:499:9:AK4619_GetSlotLength	40	static
../Drivers/IC_Drivers/Src/AK4619.c:511:9:AK4619_SetBCLKEdge	32	static
../Drivers/IC_Drivers/Src/AK4619.c:530:9:AK4619_GetBCLKEdge	40	static
../Drivers/IC_Drivers/Src/AK4619.c:542:9:AK4619_SetFastModeSetting	32	static
../Drivers/IC_Drivers/Src/AK4619.c:561:9:AK4619_GetFastModeSetting	40	static
../Drivers/IC_Drivers/Src/AK4619.c:573:9:AK4619_SetSlotStart	32	static
../Drivers/IC_Drivers/Src/AK4619.c:592:9:AK4619_GetSlotStart	40	static
../Drivers/IC_Drivers/Src/AK4619.c:604:9:AK4619_SetADCWordLength	32	static
../Drivers/IC_Drivers/Src/AK4619.c:623:9:AK4619_GetADCWordLength	40	static
../Drivers/IC_Drivers/Src/AK4619.c:635:9:AK4619_SetDACWordLength	32	static
../Drivers/IC_Drivers/Src/AK4619.c:654:9:AK4619_GetDACWordLength	40	static
../Drivers/IC_Drivers/Src/AK4619.c:666:9:AK4619_SetSystemClockSetting	32	static
../Drivers/IC_Drivers/Src/AK4619.c:685:9:AK4619_GetSystemClockSetting	40	static
../Drivers/IC_Drivers/Src/AK4619.c:697:9:AK4619_SetADCVolumeTransitionTime	32	static
../Drivers/IC_Drivers/Src/AK4619.c:716:9:AK4619_GetADCVolumeTransitionTime	40	static
../Drivers/IC_Drivers/Src/AK4619.c:728:9:AK4619_SetDACVolumeTransitionTime	32	static
../Drivers/IC_Drivers/Src/AK4619.c:747:9:AK4619_GetDACVolumeTransitionTime	40	static
../Drivers/IC_Drivers/Src/AK4619.c:759:9:AK4619_SetSoftMuteSetting	32	static
../Drivers/IC_Drivers/Src/AK4619.c:786:9:AK4619_GetSoftMuteSetting	40	static
../Drivers/IC_Drivers/Src/AK4619.c:805:9:AK4619_SetADCDCBlockingFilter	32	static
../Drivers/IC_Drivers/Src/AK4619.c:824:9:AK4619_GetADCDCBlockingFilter	48	static
../Drivers/IC_Drivers/Src/AK4619.c:840:9:AK4619_SetDACInputSource	32	static
../Drivers/IC_Drivers/Src/AK4619.c:859:9:AK4619_GetDACInputSource	48	static
../Drivers/IC_Drivers/Src/AK4619.c:875:9:AK4619_SetDACDeemphasisFilter	32	static
../Drivers/IC_Drivers/Src/AK4619.c:894:9:AK4619_GetDACDeemphasisFilter	48	static
../Drivers/IC_Drivers/Src/AK4619.c:910:9:AK4619_SetMicAmpGain	40	static
../Drivers/IC_Drivers/Src/AK4619.c:929:9:AK4619_GetMicAmpGain	48	static
../Drivers/IC_Drivers/Src/AK4619.c:945:9:AK4619_SetDigitalVolume	40	static
../Drivers/IC_Drivers/Src/AK4619.c:973:9:AK4619_GetDigitalVolume	40	static
../Drivers/IC_Drivers/Src/AK4619.c:993:9:AK4619_SetAntiAliasingFilter	32	static
../Drivers/IC_Drivers/Src/AK4619.c:1022:9:AK4619_GetAntiAliasingFilter	48	static
../Drivers/IC_Drivers/Src/AK4619.c:1045:9:AK4619_SetADCInputMode	32	static
../Drivers/IC_Drivers/Src/AK4619.c:1064:9:AK4619_GetADCInputMode	48	static
../Drivers/IC_Drivers/Src/AK4619.c:1080:9:AK4619_DigitalVolume_dBtoBinary	24	static
