Archive member included to satisfy reference by file (symbol)

/Applications/STM32CubeIDE.app/Contents/Eclipse/plugins/com.st.stm32cube.ide.mcu.externaltools.gnu-tools-for-stm32.11.3.rel1.macos64_1.1.100.202310310803/tools/bin/../lib/gcc/arm-none-eabi/11.3.1/../../../../arm-none-eabi/lib/thumb/v6-m/nofp/libc_nano.a(libc_a-exit.o)
                              /Applications/STM32CubeIDE.app/Contents/Eclipse/plugins/com.st.stm32cube.ide.mcu.externaltools.gnu-tools-for-stm32.11.3.rel1.macos64_1.1.100.202310310803/tools/bin/../lib/gcc/arm-none-eabi/11.3.1/../../../../arm-none-eabi/lib/thumb/v6-m/nofp/crt0.o (exit)
/Applications/STM32CubeIDE.app/Contents/Eclipse/plugins/com.st.stm32cube.ide.mcu.externaltools.gnu-tools-for-stm32.11.3.rel1.macos64_1.1.100.202310310803/tools/bin/../lib/gcc/arm-none-eabi/11.3.1/../../../../arm-none-eabi/lib/thumb/v6-m/nofp/libc_nano.a(libc_a-findfp.o)
                              /Applications/STM32CubeIDE.app/Contents/Eclipse/plugins/com.st.stm32cube.ide.mcu.externaltools.gnu-tools-for-stm32.11.3.rel1.macos64_1.1.100.202310310803/tools/bin/../lib/gcc/arm-none-eabi/11.3.1/../../../../arm-none-eabi/lib/thumb/v6-m/nofp/libc_nano.a(libc_a-exit.o) (__stdio_exit_handler)
/Applications/STM32CubeIDE.app/Contents/Eclipse/plugins/com.st.stm32cube.ide.mcu.externaltools.gnu-tools-for-stm32.11.3.rel1.macos64_1.1.100.202310310803/tools/bin/../lib/gcc/arm-none-eabi/11.3.1/../../../../arm-none-eabi/lib/thumb/v6-m/nofp/libc_nano.a(libc_a-fwalk.o)
                              /Applications/STM32CubeIDE.app/Contents/Eclipse/plugins/com.st.stm32cube.ide.mcu.externaltools.gnu-tools-for-stm32.11.3.rel1.macos64_1.1.100.202310310803/tools/bin/../lib/gcc/arm-none-eabi/11.3.1/../../../../arm-none-eabi/lib/thumb/v6-m/nofp/libc_nano.a(libc_a-findfp.o) (_fwalk_sglue)
/Applications/STM32CubeIDE.app/Contents/Eclipse/plugins/com.st.stm32cube.ide.mcu.externaltools.gnu-tools-for-stm32.11.3.rel1.macos64_1.1.100.202310310803/tools/bin/../lib/gcc/arm-none-eabi/11.3.1/../../../../arm-none-eabi/lib/thumb/v6-m/nofp/libc_nano.a(libc_a-memset.o)
                              /Applications/STM32CubeIDE.app/Contents/Eclipse/plugins/com.st.stm32cube.ide.mcu.externaltools.gnu-tools-for-stm32.11.3.rel1.macos64_1.1.100.202310310803/tools/bin/../lib/gcc/arm-none-eabi/11.3.1/../../../../arm-none-eabi/lib/thumb/v6-m/nofp/crt0.o (memset)
/Applications/STM32CubeIDE.app/Contents/Eclipse/plugins/com.st.stm32cube.ide.mcu.externaltools.gnu-tools-for-stm32.11.3.rel1.macos64_1.1.100.202310310803/tools/bin/../lib/gcc/arm-none-eabi/11.3.1/../../../../arm-none-eabi/lib/thumb/v6-m/nofp/libc_nano.a(libc_a-impure.o)
                              /Applications/STM32CubeIDE.app/Contents/Eclipse/plugins/com.st.stm32cube.ide.mcu.externaltools.gnu-tools-for-stm32.11.3.rel1.macos64_1.1.100.202310310803/tools/bin/../lib/gcc/arm-none-eabi/11.3.1/../../../../arm-none-eabi/lib/thumb/v6-m/nofp/libc_nano.a(libc_a-findfp.o) (_impure_data)
/Applications/STM32CubeIDE.app/Contents/Eclipse/plugins/com.st.stm32cube.ide.mcu.externaltools.gnu-tools-for-stm32.11.3.rel1.macos64_1.1.100.202310310803/tools/bin/../lib/gcc/arm-none-eabi/11.3.1/../../../../arm-none-eabi/lib/thumb/v6-m/nofp/libc_nano.a(libc_a-errno.o)
                              ./Core/Src/syscalls.o (__errno)
/Applications/STM32CubeIDE.app/Contents/Eclipse/plugins/com.st.stm32cube.ide.mcu.externaltools.gnu-tools-for-stm32.11.3.rel1.macos64_1.1.100.202310310803/tools/bin/../lib/gcc/arm-none-eabi/11.3.1/../../../../arm-none-eabi/lib/thumb/v6-m/nofp/libc_nano.a(libc_a-init.o)
                              /Applications/STM32CubeIDE.app/Contents/Eclipse/plugins/com.st.stm32cube.ide.mcu.externaltools.gnu-tools-for-stm32.11.3.rel1.macos64_1.1.100.202310310803/tools/bin/../lib/gcc/arm-none-eabi/11.3.1/../../../../arm-none-eabi/lib/thumb/v6-m/nofp/crt0.o (__libc_init_array)
/Applications/STM32CubeIDE.app/Contents/Eclipse/plugins/com.st.stm32cube.ide.mcu.externaltools.gnu-tools-for-stm32.11.3.rel1.macos64_1.1.100.202310310803/tools/bin/../lib/gcc/arm-none-eabi/11.3.1/../../../../arm-none-eabi/lib/thumb/v6-m/nofp/libc_nano.a(libc_a-lock.o)
                              /Applications/STM32CubeIDE.app/Contents/Eclipse/plugins/com.st.stm32cube.ide.mcu.externaltools.gnu-tools-for-stm32.11.3.rel1.macos64_1.1.100.202310310803/tools/bin/../lib/gcc/arm-none-eabi/11.3.1/../../../../arm-none-eabi/lib/thumb/v6-m/nofp/libc_nano.a(libc_a-findfp.o) (__retarget_lock_init_recursive)
/Applications/STM32CubeIDE.app/Contents/Eclipse/plugins/com.st.stm32cube.ide.mcu.externaltools.gnu-tools-for-stm32.11.3.rel1.macos64_1.1.100.202310310803/tools/bin/../lib/gcc/arm-none-eabi/11.3.1/../../../../arm-none-eabi/lib/thumb/v6-m/nofp/libc_nano.a(libc_a-mallocr.o)
[...]
Memory Configuration

Name             Origin             Length             Attributes
RAM              0x0000000020000000 0x0000000000002000 xrw
FLASH            0x0000000008000000 0x0000000000010000 xr
*default*        0x0000000000000000 0xffffffffffffffff

Linker script and memory map

LOAD /Applications/STM32CubeIDE.app/Contents/Eclipse/plugins/com.st.stm32cube.ide.mcu.externaltools.gnu-tools-for-stm32.11.3.rel1.macos64_1.1.100.202310310803/tools/bin/../lib/gcc/arm-none-eabi/11.3.1/thumb/v6-m/nofp/crti.o
LOAD /Applications/STM32CubeIDE.app/Contents/Eclipse/plugins/com.st.stm32cube.ide.mcu.externaltools.gnu-tools-for-stm32.11.3.rel1.macos64_1.1.100.202310310803/tools/bin/../lib/gcc/arm-none-eabi/11.3.1/thumb/v6-m/nofp/crtbegin.o
LOAD /Applications/STM32CubeIDE.app/Contents/Eclipse/plugins/com.st.stm32cube.ide.mcu.externaltools.gnu-tools-for-stm32.11.3.rel1.macos64_1.1.100.202310310803/tools/bin/../lib/gcc/arm-none-eabi/11.3.1/../../../../arm-none-eabi/lib/thumb/v6-m/nofp/crt0.o
LOAD ./Core/Src/Codecs.o
LOAD ./Core/Src/main.o
LOAD ./Core/Src/stm32f0xx_hal_msp.o
LOAD ./Core/Src/stm32f0xx_it.o
LOAD ./Core/Src/syscalls.o
LOAD ./Core/Src/sysmem.o
LOAD ./Core/Src/system_stm32f0xx.o
LOAD ./Core/Startup/startup_stm32f030c8tx.o
LOAD ./Drivers/IC_Drivers/Src/AK4619.o
LOAD ./Drivers/STM32F0xx_HAL_Driver/Src/stm32f0xx_hal.o
LOAD ./Drivers/STM32F0xx_HAL_Driver/Src/stm32f0xx_hal_cortex.o
LOAD ./Drivers/STM32F0xx_HAL_Driver/Src/stm32f0xx_hal_dma.o
LOAD ./Drivers/STM32F0xx_HAL_Driver/Src/stm32f0xx_hal_exti.o
LOAD ./Drivers/STM32F0xx_HAL_Driver/Src/stm32f0xx_hal_flash.o
LOAD ./Drivers/STM32F0xx_HAL_Driver/Src/stm32f0xx_hal_flash_ex.o
LOAD ./Drivers/STM32F0xx_HAL_Driver/Src/stm32f0xx_hal_gpio.o
LOAD ./Drivers/STM32F0xx_HAL_Driver/Src/stm32f0xx_hal_i2c.o
LOAD ./Drivers/STM32F0xx_HAL_Driver/Src/stm32f0xx_hal_i2c_ex.o
LOAD ./Drivers/STM32F0xx_HAL_Driver/Src/stm32f0xx_hal_pwr.o
LOAD ./Drivers/STM32F0xx_HAL_Driver/Src/stm32f0xx_hal_pwr_ex.o
LOAD ./Drivers/STM32F0xx_HAL_Driver/Src/stm32f0xx_hal_rcc.o
LOAD ./Drivers/STM32F0xx_HAL_Driver/Src/stm32f0xx_hal_rcc_ex.o
LOAD ./Drivers/STM32F0xx_HAL_Driver/Src/stm32f0xx_hal_spi.o
LOAD ./Drivers/STM32F0xx_HAL_Driver/Src/stm32f0xx_hal_spi_ex.o
LOAD ./Drivers/STM32F0xx_HAL_Driver/Src/stm32f0xx_hal_tim.o
LOAD ./Drivers/STM32F0xx_HAL_Driver/Src/stm32f0xx_hal_tim_ex.o
START GROUP
LOAD /Applications/STM32CubeIDE.app/Contents/Eclipse/plugins/com.st.stm32cube.ide.mcu.externaltools.gnu-tools-for-stm32.11.3.rel1.macos64_1.1.100.202310310803/tools/bin/../lib/gcc/arm-none-eabi/11.3.1/../../../../arm-none-eabi/lib/thumb/v6-m/nofp/libc_nano.a
LOAD /Applications/STM32CubeIDE.app/Contents/Eclipse/plugins/com.st.stm32cube.ide.mcu.externaltools.gnu-tools-for-stm32.11.3.rel1.macos64_1.1.100.202310310803/tools/bin/../lib/gcc/arm-none-eabi/11.3.1/../../../../arm-none-eabi/lib/thumb/v6-m/nofp/libm.a
END GROUP
START GROUP
LOAD /Applications/STM32CubeIDE.app/Contents/Eclipse/plugins/com.st.stm32cube.ide.mcu.externaltools.gnu-tools-for-stm32.11.3.rel1.macos64_1.1.100.202310310803/tools/bin/../lib/gcc/arm-none-eabi/11.3.1/thumb/v6-m/nofp/libgcc.a
LOAD /Applications/STM32CubeIDE.app/Contents/Eclipse/plugins/com.st.stm32cube.ide.mcu.externaltools.gnu-tools-for-stm32.11.3.rel1.macos64_1.1.100.202310310803/tools/bin/../lib/gcc/arm-none-eabi/11.3.1/../../../../arm-none-eabi/lib/thumb/v6-m/nofp/libc_nano.a
END GROUP
START GROUP
LOAD /Applications/STM32CubeIDE.app/Contents/Eclipse/plugins/com.st.stm32cube.ide.mcu.externaltools.gnu-tools-for-stm32.11.3.rel1.macos64_1.1.100.202310310803/tools/bin/../lib/gcc/arm-none-eabi/11.3.1/thumb/v6-m/nofp/libgcc.a
LOAD /Applications/STM32CubeIDE.app/Contents/Eclipse/plugins/com.st.stm32cube.ide.mcu.externaltools.gnu-tools-for-stm32.11.3.rel1.macos64_1.1.100.202310310803/tools/bin/../lib/gcc/arm-none-eabi/11.3.1/../../../../arm-none-eabi/lib/thumb/v6-m/nofp/libc_nano.a
LOAD /Applications/STM32CubeIDE.app/Contents/Eclipse/plugins/com.st.stm32cube.ide.mcu.externaltools.gnu-tools-for-stm32.11.3.rel1.macos64_1.1.100.202310310803/tools/bin/../lib/gcc/arm-none-eabi/11.3.1/../../../../arm-none-eabi/lib/thumb/v6-m/nofp/libnosys.a
END GROUP
START GROUP
LOAD /Applications/STM32CubeIDE.app/Contents/Eclipse/plugins/com.st.stm32cube.ide.mcu.externaltools.gnu-tools-for-stm32.11.3.rel1.macos64_1.1.100.202310310803/tools/bin/../lib/gcc/arm-none-eabi/11.3.1/thumb/v6-m/nofp/libgcc.a
LOAD /Applications/STM32CubeIDE.app/Contents/Eclipse/plugins/com.st.stm32cube.ide.mcu.externaltools.gnu-tools-for-stm32.11.3.rel1.macos64_1.1.100.202310310803/tools/bin/../lib/gcc/arm-none-eabi/11.3.1/../../../../arm-none-eabi/lib/thumb/v6-m/nofp/libc_nano.a
LOAD /Applications/STM32CubeIDE.app/Contents/Eclipse/plugins/com.st.stm32cube.ide.mcu.externaltools.gnu-tools-for-stm32.11.3.rel1.macos64_1.1.100.202310310803/tools/bin/../lib/gcc/arm-none-eabi/11.3.1/../../../../arm-none-eabi/lib/thumb/v6-m/nofp/libnosys.a
END GROUP
LOAD /Applications/STM32CubeIDE.app/Contents/Eclipse/plugins/com.st.stm32cube.ide.mcu.externaltools.gnu-tools-for-stm32.11.3.rel1.macos64_1.1.100.202310310803/tools/bin/../lib/gcc/arm-none-eabi/11.3.1/thumb/v6-m/nofp/crtend.o
LOAD /Applications/STM32CubeIDE.app/Contents/Eclipse/plugins/com.st.stm32cube.ide.mcu.externaltools.gnu-tools-for-stm32.11.3.rel1.macos64_1.1.100.202310310803/tools/bin/../lib/gcc/arm-none-eabi/11.3.1/thumb/v6-m/nofp/crtn.o
                0x0000000020002000                _estack = (ORIGIN (RAM) + LENGTH (RAM))
                0x0000000000000200                _Min_Heap_Size = 0x200
                0x0000000000000400                _Min_Stack_Size = 0x400

.isr_vector     0x0000000008000000       0xc0
                0x0000000008000000                . = ALIGN (0x4)
 *(.isr_vector)
 .isr_vector    0x0000000008000000       0xc0 ./Core/Startup/startup_stm32f030c8tx.o
                0x0000000008000000                g_pfnVectors
                0x00000000080000c0                . = ALIGN (0x4)

.text           0x00000000080000c0     0x32b0
                0x00000000080000c0                . = ALIGN (0x4)
 *(.text)
 .text          0x00000000080000c0       0x48 /Applications/STM32CubeIDE.app/Contents/Eclipse/plugins/com.st.stm32cube.ide.mcu.externaltools.gnu-tools-for-stm32.11.3.rel1.macos64_1.1.100.202310310803/tools/bin/../lib/gcc/arm-none-eabi/11.3.1/thumb/v6-m/nofp/crtbegin.o
 .text          0x0000000008000108      0x114 /Applications/STM32CubeIDE.app/Contents/Eclipse/plugins/com.st.stm32cube.ide.mcu.externaltools.gnu-tools-for-stm32.11.3.rel1.macos64_1.1.100.202310310803/tools/bin/../lib/gcc/arm-none-eabi/11.3.1/thumb/v6-m/nofp/libgcc.a(_udivsi3.o)
                0x0000000008000108                __udivsi3
                0x0000000008000108                __aeabi_uidiv
                0x0000000008000214                __aeabi_uidivmod
 .text          0x000000000800021c        0x4 /Applications/STM32CubeIDE.app/Contents/Eclipse/plugins/com.st.stm32cube.ide.mcu.externaltools.gnu-tools-for-stm32.11.3.rel1.macos64_1.1.100.202310310803/tools/bin/../lib/gcc/arm-none-eabi/11.3.1/thumb/v6-m/nofp/libgcc.a(_dvmd_tls.o)
                0x000000000800021c                __aeabi_ldiv0
                0x000000000800021c                __aeabi_idiv0
 *(.text*)
 .text.InitialiseCodecs
                0x0000000008000220      0x34c ./Core/Src/Codecs.o
                0x0000000008000220                InitialiseCodecs
 .text.main     0x000000000800056c       0x50 ./Core/Src/main.o
                0x000000000800056c                main
 .text.SystemClock_Config
                0x00000000080005bc       0x90 ./Core/Src/main.o
                0x00000000080005bc                SystemClock_Config
 .text.MX_SPI1_Init
                0x000000000800064c       0x7c ./Core/Src/main.o
 .text.MX_GPIO_Init
                0x00000000080006c8      0x1b4 ./Core/Src/main.o
 .text.Error_Handler
                0x000000000800087c        0xa ./Core/Src/main.o
                0x000000000800087c                Error_Handler
 *fill*         0x0000000008000886        0x2 
 .text.HAL_MspInit
                0x0000000008000888       0x48 ./Core/Src/stm32f0xx_hal_msp.o
                0x0000000008000888                HAL_MspInit
 .text.HAL_SPI_MspInit
                0x00000000080008d0       0x9c ./Core/Src/stm32f0xx_hal_msp.o
                0x00000000080008d0                HAL_SPI_MspInit
 .text.NMI_Handler
                0x000000000800096c        0x6 ./Core/Src/stm32f0xx_it.o
                0x000000000800096c                NMI_Handler
 .text.HardFault_Handler
                0x0000000008000972        0x6 ./Core/Src/stm32f0xx_it.o
                0x0000000008000972                HardFault_Handler
 .text.SVC_Handler
                0x0000000008000978        0xa ./Core/Src/stm32f0xx_it.o
                0x0000000008000978                SVC_Handler
 .text.PendSV_Handler
                0x0000000008000982        0xa ./Core/Src/stm32f0xx_it.o
                0x0000000008000982                PendSV_Handler
 .text.SysTick_Handler
                0x000000000800098c        0xe ./Core/Src/stm32f0xx_it.o
                0x000000000800098c                SysTick_Handler
 .text.SystemInit
                0x000000000800099a        0xa ./Core/Src/system_stm32f0xx.o
                0x000000000800099a                SystemInit
 .text.Reset_Handler
                0x00000000080009a4       0x50 ./Core/Startup/startup_stm32f030c8tx.o
                0x00000000080009a4                Reset_Handler
 .text.Default_Handler
                0x00000000080009f4        0x2 ./Core/Startup/startup_stm32f030c8tx.o
                0x00000000080009f4                TIM1_BRK_UP_TRG_COM_IRQHandler
                0x00000000080009f4                TIM6_IRQHandler
                0x00000000080009f4                I2C1_IRQHandler
                0x00000000080009f4                SPI1_IRQHandler
                0x00000000080009f4                EXTI2_3_IRQHandler
                0x00000000080009f4                ADC1_IRQHandler
                0x00000000080009f4                I2C2_IRQHandler
                0x00000000080009f4                TIM17_IRQHandler
                0x00000000080009f4                RTC_IRQHandler
                0x00000000080009f4                TIM16_IRQHandler
                0x00000000080009f4                TIM3_IRQHandler
                0x00000000080009f4                EXTI4_15_IRQHandler
                0x00000000080009f4                RCC_IRQHandler
                0x00000000080009f4                DMA1_Channel1_IRQHandler
                0x00000000080009f4                Default_Handler
                0x00000000080009f4                TIM14_IRQHandler
                0x00000000080009f4                DMA1_Channel4_5_IRQHandler
                0x00000000080009f4                TIM15_IRQHandler
                0x00000000080009f4                EXTI0_1_IRQHandler
                0x00000000080009f4                SPI2_IRQHandler
                0x00000000080009f4                WWDG_IRQHandler
                0x00000000080009f4                DMA1_Channel2_3_IRQHandler
                0x00000000080009f4                USART2_IRQHandler
                0x00000000080009f4                FLASH_IRQHandler
                0x00000000080009f4                USART1_IRQHandler
                0x00000000080009f4                TIM1_CC_IRQHandler
 *fill*         0x00000000080009f6        0x2 
 .text.AK4619_ActivateSPIComunication
                0x00000000080009f8       0xb0 ./Drivers/IC_Drivers/Src/AK4619.o
                0x00000000080009f8                AK4619_ActivateSPIComunication
 .text.AK4619_WriteSPI
                0x0000000008000aa8       0xd2 ./Drivers/IC_Drivers/Src/AK4619.o
                0x0000000008000aa8                AK4619_WriteSPI
 .text.AK4619_ReadSPI
                0x0000000008000b7a       0xd4 ./Drivers/IC_Drivers/Src/AK4619.o
                0x0000000008000b7a                AK4619_ReadSPI
 .text.AK4619_WriteI2C
                0x0000000008000c4e       0xb0 ./Drivers/IC_Drivers/Src/AK4619.o
                0x0000000008000c4e                AK4619_WriteI2C
 .text.AK4619_ReadI2C
                0x0000000008000cfe       0xb0 ./Drivers/IC_Drivers/Src/AK4619.o
                0x0000000008000cfe                AK4619_ReadI2C
 .text.AK4619_Write
                0x0000000008000dae       0x52 ./Drivers/IC_Drivers/Src/AK4619.o
                0x0000000008000dae                AK4619_Write
 .text.AK4619_Read
                0x0000000008000e00       0x52 ./Drivers/IC_Drivers/Src/AK4619.o
                0x0000000008000e00                AK4619_Read
 .text.AK4619_Init
                0x0000000008000e52       0x32 ./Drivers/IC_Drivers/Src/AK4619.o
                0x0000000008000e52                AK4619_Init
 .text.AK4619_SetRegister_PowerManagementReg
                0x0000000008000e84       0x20 ./Drivers/IC_Drivers/Src/AK4619.o
                0x0000000008000e84                AK4619_SetRegister_PowerManagementReg
 .text.AK4619_SetRegister_AudioInterfaceFormatReg
                0x0000000008000ea4       0x3a ./Drivers/IC_Drivers/Src/AK4619.o
                0x0000000008000ea4                AK4619_SetRegister_AudioInterfaceFormatReg
 .text.AK4619_GetRegister_AudioInterfaceFormatReg
                0x0000000008000ede       0x3a ./Drivers/IC_Drivers/Src/AK4619.o
                0x0000000008000ede                AK4619_GetRegister_AudioInterfaceFormatReg
 .text.AK4619_SetRegister_ADCAnalogInputReg
                0x0000000008000f18       0x20 ./Drivers/IC_Drivers/Src/AK4619.o
                0x0000000008000f18                AK4619_SetRegister_ADCAnalogInputReg
 .text.AK4619_SetRegister_DACMuteAndFilterSettingsReg
                0x0000000008000f38       0x20 ./Drivers/IC_Drivers/Src/AK4619.o
                0x0000000008000f38                AK4619_SetRegister_DACMuteAndFilterSettingsReg
 .text.HAL_Init
                0x0000000008000f58       0x28 ./Drivers/STM32F0xx_HAL_Driver/Src/stm32f0xx_hal.o
                0x0000000008000f58                HAL_Init
 .text.HAL_InitTick
                0x0000000008000f80       0x68 ./Drivers/STM32F0xx_HAL_Driver/Src/stm32f0xx_hal.o
                0x0000000008000f80                HAL_InitTick
 .text.HAL_IncTick
                0x0000000008000fe8       0x24 ./Drivers/STM32F0xx_HAL_Driver/Src/stm32f0xx_hal.o
                0x0000000008000fe8                HAL_IncTick
 .text.HAL_GetTick
                0x000000000800100c       0x14 ./Drivers/STM32F0xx_HAL_Driver/Src/stm32f0xx_hal.o
                0x000000000800100c                HAL_GetTick
 .text.HAL_Delay
                0x0000000008001020       0x48 ./Drivers/STM32F0xx_HAL_Driver/Src/stm32f0xx_hal.o
                0x0000000008001020                HAL_Delay
 .text.__NVIC_SetPriority
                0x0000000008001068       0xdc ./Drivers/STM32F0xx_HAL_Driver/Src/stm32f0xx_hal_cortex.o
 .text.SysTick_Config
                0x0000000008001144       0x48 ./Drivers/STM32F0xx_HAL_Driver/Src/stm32f0xx_hal_cortex.o
 .text.HAL_NVIC_SetPriority
                0x000000000800118c       0x2a ./Drivers/STM32F0xx_HAL_Driver/Src/stm32f0xx_hal_cortex.o
                0x000000000800118c                HAL_NVIC_SetPriority
 .text.HAL_SYSTICK_Config
                0x00000000080011b6       0x1a ./Drivers/STM32F0xx_HAL_Driver/Src/stm32f0xx_hal_cortex.o
                0x00000000080011b6                HAL_SYSTICK_Config
 .text.HAL_GPIO_Init
                0x00000000080011d0      0x2e0 ./Drivers/STM32F0xx_HAL_Driver/Src/stm32f0xx_hal_gpio.o
                0x00000000080011d0                HAL_GPIO_Init
 .text.HAL_GPIO_WritePin
                0x00000000080014b0       0x3a ./Drivers/STM32F0xx_HAL_Driver/Src/stm32f0xx_hal_gpio.o
                0x00000000080014b0                HAL_GPIO_WritePin
 *fill*         0x00000000080014ea        0x2 
 .text.HAL_I2C_Mem_Write
                0x00000000080014ec      0x25c ./Drivers/STM32F0xx_HAL_Driver/Src/stm32f0xx_hal_i2c.o
                0x00000000080014ec                HAL_I2C_Mem_Write
 .text.HAL_I2C_Mem_Read
                0x0000000008001748      0x268 ./Drivers/STM32F0xx_HAL_Driver/Src/stm32f0xx_hal_i2c.o
                0x0000000008001748                HAL_I2C_Mem_Read
 .text.I2C_RequestMemoryWrite
                0x00000000080019b0       0xc8 ./Drivers/STM32F0xx_HAL_Driver/Src/stm32f0xx_hal_i2c.o
 .text.I2C_RequestMemoryRead
                0x0000000008001a78       0xc4 ./Drivers/STM32F0xx_HAL_Driver/Src/stm32f0xx_hal_i2c.o
 .text.I2C_Flush_TXDR
                0x0000000008001b3c       0x44 ./Drivers/STM32F0xx_HAL_Driver/Src/stm32f0xx_hal_i2c.o
 .text.I2C_WaitOnFlagUntilTimeout
                0x0000000008001b80       0x9c ./Drivers/STM32F0xx_HAL_Driver/Src/stm32f0xx_hal_i2c.o
 .text.I2C_WaitOnTXISFlagUntilTimeout
                0x0000000008001c1c       0x8c ./Drivers/STM32F0xx_HAL_Driver/Src/stm32f0xx_hal_i2c.o
 .text.I2C_WaitOnSTOPFlagUntilTimeout
                0x0000000008001ca8       0x86 ./Drivers/STM32F0xx_HAL_Driver/Src/stm32f0xx_hal_i2c.o
 *fill*         0x0000000008001d2e        0x2 
 .text.I2C_IsErrorOccurred
                0x0000000008001d30      0x200 ./Drivers/STM32F0xx_HAL_Driver/Src/stm32f0xx_hal_i2c.o
 .text.I2C_TransferConfig
                0x0000000008001f30       0x74 ./Drivers/STM32F0xx_HAL_Driver/Src/stm32f0xx_hal_i2c.o
 .text.HAL_RCC_OscConfig
                0x0000000008001fa4      0x634 ./Drivers/STM32F0xx_HAL_Driver/Src/stm32f0xx_hal_rcc.o
                0x0000000008001fa4                HAL_RCC_OscConfig
 .text.HAL_RCC_ClockConfig
                0x00000000080025d8      0x19c ./Drivers/STM32F0xx_HAL_Driver/Src/stm32f0xx_hal_rcc.o
                0x00000000080025d8                HAL_RCC_ClockConfig
 .text.HAL_RCC_GetSysClockFreq
                0x0000000008002774       0xac ./Drivers/STM32F0xx_HAL_Driver/Src/stm32f0xx_hal_rcc.o
                0x0000000008002774                HAL_RCC_GetSysClockFreq
 .text.HAL_SPI_Init
                0x0000000008002820      0x170 ./Drivers/STM32F0xx_HAL_Driver/Src/stm32f0xx_hal_spi.o
                0x0000000008002820                HAL_SPI_Init
 .text.HAL_SPI_Transmit
                0x0000000008002990      0x2be ./Drivers/STM32F0xx_HAL_Driver/Src/stm32f0xx_hal_spi.o
                0x0000000008002990                HAL_SPI_Transmit
 *fill*         0x0000000008002c4e        0x2 
 .text.HAL_SPI_TransmitReceive
                0x0000000008002c50      0x3c4 ./Drivers/STM32F0xx_HAL_Driver/Src/stm32f0xx_hal_spi.o
                0x0000000008002c50                HAL_SPI_TransmitReceive
 .text.SPI_WaitFlagStateUntilTimeout
                0x0000000008003014      0x11c ./Drivers/STM32F0xx_HAL_Driver/Src/stm32f0xx_hal_spi.o
 .text.SPI_WaitFifoStateUntilTimeout
                0x0000000008003130      0x144 ./Drivers/STM32F0xx_HAL_Driver/Src/stm32f0xx_hal_spi.o
 .text.SPI_EndRxTxTransaction
                0x0000000008003274       0x8c ./Drivers/STM32F0xx_HAL_Driver/Src/stm32f0xx_hal_spi.o
 .text.memset   0x0000000008003300       0x10 /Applications/STM32CubeIDE.app/Contents/Eclipse/plugins/com.st.stm32cube.ide.mcu.externaltools.gnu-tools-for-stm32.11.3.rel1.macos64_1.1.100.202310310803/tools/bin/../lib/gcc/arm-none-eabi/11.3.1/../../../../arm-none-eabi/lib/thumb/v6-m/nofp/libc_nano.a(libc_a-memset.o)
                0x0000000008003300                memset
 .text.__libc_init_array
                0x0000000008003310       0x48 /Applications/STM32CubeIDE.app/Contents/Eclipse/plugins/com.st.stm32cube.ide.mcu.externaltools.gnu-tools-for-stm32.11.3.rel1.macos64_1.1.100.202310310803/tools/bin/../lib/gcc/arm-none-eabi/11.3.1/../../../../arm-none-eabi/lib/thumb/v6-m/nofp/libc_nano.a(libc_a-init.o)
                0x0000000008003310                __libc_init_array
 *(.glue_7)
 .glue_7        0x0000000008003358        0x0 linker stubs
 *(.glue_7t)
 .glue_7t       0x0000000008003358        0x0 linker stubs
 *(.eh_frame)
 .eh_frame      0x0000000008003358        0x0 /Applications/STM32CubeIDE.app/Contents/Eclipse/plugins/com.st.stm32cube.ide.mcu.externaltools.gnu-tools-for-stm32.11.3.rel1.macos64_1.1.100.202310310803/tools/bin/../lib/gcc/arm-none-eabi/11.3.1/thumb/v6-m/nofp/crtbegin.o
 *(.init)
 .init          0x0000000008003358        0x4 /Applications/STM32CubeIDE.app/Contents/Eclipse/plugins/com.st.stm32cube.ide.mcu.externaltools.gnu-tools-for-stm32.11.3.rel1.macos64_1.1.100.202310310803/tools/bin/../lib/gcc/arm-none-eabi/11.3.1/thumb/v6-m/nofp/crti.o
                0x0000000008003358                _init
 .init          0x000000000800335c        0x8 /Applications/STM32CubeIDE.app/Contents/Eclipse/plugins/com.st.stm32cube.ide.mcu.externaltools.gnu-tools-for-stm32.11.3.rel1.macos64_1.1.100.202310310803/tools/bin/../lib/gcc/arm-none-eabi/11.3.1/thumb/v6-m/nofp/crtn.o
 *(.fini)
 .fini          0x0000000008003364        0x4 /Applications/STM32CubeIDE.app/Contents/Eclipse/plugins/com.st.stm32cube.ide.mcu.externaltools.gnu-tools-for-stm32.11.3.rel1.macos64_1.1.100.202310310803/tools/bin/../lib/gcc/arm-none-eabi/11.3.1/thumb/v6-m/nofp/crti.o
                0x0000000008003364                _fini
 .fini          0x0000000008003368        0x8 /Applications/STM32CubeIDE.app/Contents/Eclipse/plugins/com.st.stm32cube.ide.mcu.externaltools.gnu-tools-for-stm32.11.3.rel1.macos64_1.1.100.202310310803/tools/bin/../lib/gcc/arm-none-eabi/11.3.1/thumb/v6-m/nofp/crtn.o
                0x0000000008003370                . = ALIGN (0x4)
                0x0000000008003370                _etext = .

.vfp11_veneer   0x0000000008003370        0x0
 .vfp11_veneer  0x0000000008003370        0x0 linker stubs

.v4_bx          0x0000000008003370        0x0
 .v4_bx         0x0000000008003370        0x0 linker stubs

.iplt           0x0000000008003370        0x0
 .iplt          0x0000000008003370        0x0 /Applications/STM32CubeIDE.app/Contents/Eclipse/plugins/com.st.stm32cube.ide.mcu.externaltools.gnu-tools-for-stm32.11.3.rel1.macos64_1.1.100.202310310803/tools/bin/../lib/gcc/arm-none-eabi/11.3.1/thumb/v6-m/nofp/crtbegin.o

.rodata         0x0000000008003370       0x38
                0x0000000008003370                . = ALIGN (0x4)
 *(.rodata)
 .rodata        0x0000000008003370        0x8 ./Core/Src/Codecs.o
 *(.rodata*)
 .rodata.AHBPrescTable
                0x0000000008003378       0x10 ./Core/Src/system_stm32f0xx.o
                0x0000000008003378                AHBPrescTable
 .rodata.aPLLMULFactorTable.1
                0x0000000008003388       0x10 ./Drivers/STM32F0xx_HAL_Driver/Src/stm32f0xx_hal_rcc.o
 .rodata.aPredivFactorTable.0
                0x0000000008003398       0x10 ./Drivers/STM32F0xx_HAL_Driver/Src/stm32f0xx_hal_rcc.o
                0x00000000080033a8                . = ALIGN (0x4)

.rel.dyn        0x00000000080033a8        0x0
 .rel.iplt      0x00000000080033a8        0x0 /Applications/STM32CubeIDE.app/Contents/Eclipse/plugins/com.st.stm32cube.ide.mcu.externaltools.gnu-tools-for-stm32.11.3.rel1.macos64_1.1.100.202310310803/tools/bin/../lib/gcc/arm-none-eabi/11.3.1/thumb/v6-m/nofp/crtbegin.o

.ARM.extab      0x00000000080033a8        0x0
                0x00000000080033a8                . = ALIGN (0x4)
 *(.ARM.extab* .gnu.linkonce.armextab.*)
                0x00000000080033a8                . = ALIGN (0x4)

.ARM            0x00000000080033a8        0x0
                0x00000000080033a8                . = ALIGN (0x4)
                0x00000000080033a8                __exidx_start = .
 *(.ARM.exidx*)
                0x00000000080033a8                __exidx_end = .
                0x00000000080033a8                . = ALIGN (0x4)

.preinit_array  0x00000000080033a8        0x0
                0x00000000080033a8                . = ALIGN (0x4)
                0x00000000080033a8                PROVIDE (__preinit_array_start = .)
 *(.preinit_array*)
                0x00000000080033a8                PROVIDE (__preinit_array_end = .)
                0x00000000080033a8                . = ALIGN (0x4)

.init_array     0x00000000080033a8        0x4
                0x00000000080033a8                . = ALIGN (0x4)
                0x00000000080033a8                PROVIDE (__init_array_start = .)
 *(SORT_BY_NAME(.init_array.*))
 *(.init_array*)
 .init_array    0x00000000080033a8        0x4 /Applications/STM32CubeIDE.app/Contents/Eclipse/plugins/com.st.stm32cube.ide.mcu.externaltools.gnu-tools-for-stm32.11.3.rel1.macos64_1.1.100.202310310803/tools/bin/../lib/gcc/arm-none-eabi/11.3.1/thumb/v6-m/nofp/crtbegin.o
                0x00000000080033ac                PROVIDE (__init_array_end = .)
                0x00000000080033ac                . = ALIGN (0x4)

.fini_array     0x00000000080033ac        0x4
                0x00000000080033ac                . = ALIGN (0x4)
                [!provide]                        PROVIDE (__fini_array_start = .)
 *(SORT_BY_NAME(.fini_array.*))
 *(.fini_array*)
 .fini_array    0x00000000080033ac        0x4 /Applications/STM32CubeIDE.app/Contents/Eclipse/plugins/com.st.stm32cube.ide.mcu.externaltools.gnu-tools-for-stm32.11.3.rel1.macos64_1.1.100.202310310803/tools/bin/../lib/gcc/arm-none-eabi/11.3.1/thumb/v6-m/nofp/crtbegin.o
                [!provide]                        PROVIDE (__fini_array_end = .)
                0x00000000080033b0                . = ALIGN (0x4)
                0x00000000080033b0                _sidata = LOADADDR (.data)

.data           0x0000000020000000        0xc load address 0x00000000080033b0
                0x0000000020000000                . = ALIGN (0x4)
                0x0000000020000000                _sdata = .
 *(.data)
 *(.data*)
 .data.SystemCoreClock
                0x0000000020000000        0x4 ./Core/Src/system_stm32f0xx.o
                0x0000000020000000                SystemCoreClock
 .data.uwTickPrio
                0x0000000020000004        0x4 ./Drivers/STM32F0xx_HAL_Driver/Src/stm32f0xx_hal.o
                0x0000000020000004                uwTickPrio
 .data.uwTickFreq
                0x0000000020000008        0x1 ./Drivers/STM32F0xx_HAL_Driver/Src/stm32f0xx_hal.o
                0x0000000020000008                uwTickFreq
 *(.RamFunc)
 *(.RamFunc*)
                0x000000002000000c                . = ALIGN (0x4)
 *fill*         0x0000000020000009        0x3 
                0x000000002000000c                _edata = .

.igot.plt       0x000000002000000c        0x0 load address 0x00000000080033bc
 .igot.plt      0x000000002000000c        0x0 /Applications/STM32CubeIDE.app/Contents/Eclipse/plugins/com.st.stm32cube.ide.mcu.externaltools.gnu-tools-for-stm32.11.3.rel1.macos64_1.1.100.202310310803/tools/bin/../lib/gcc/arm-none-eabi/11.3.1/thumb/v6-m/nofp/crtbegin.o
                0x000000002000000c                . = ALIGN (0x4)

.bss            0x000000002000000c      0x124 load address 0x00000000080033bc
                0x000000002000000c                _sbss = .
                0x000000002000000c                __bss_start__ = _sbss
 *(.bss)
 .bss           0x000000002000000c       0x1c /Applications/STM32CubeIDE.app/Contents/Eclipse/plugins/com.st.stm32cube.ide.mcu.externaltools.gnu-tools-for-stm32.11.3.rel1.macos64_1.1.100.202310310803/tools/bin/../lib/gcc/arm-none-eabi/11.3.1/thumb/v6-m/nofp/crtbegin.o
 *(.bss*)
 .bss.codecs    0x0000000020000028       0xa0 ./Core/Src/Codecs.o
                0x0000000020000028                codecs
 .bss.hspi1     0x00000000200000c8       0x64 ./Core/Src/main.o
                0x00000000200000c8                hspi1
 .bss.uwTick    0x000000002000012c        0x4 ./Drivers/STM32F0xx_HAL_Driver/Src/stm32f0xx_hal.o
                0x000000002000012c                uwTick
 *(COMMON)
                0x0000000020000130                . = ALIGN (0x4)
                0x0000000020000130                _ebss = .
                0x0000000020000130                __bss_end__ = _ebss

._user_heap_stack
                0x0000000020000130      0x600 load address 0x00000000080033bc
                0x0000000020000130                . = ALIGN (0x8)
                [!provide]                        PROVIDE (end = .)
                0x0000000020000130                PROVIDE (_end = .)
                0x0000000020000330                . = (. + _Min_Heap_Size)
 *fill*         0x0000000020000130      0x200 
                0x0000000020000730                . = (. + _Min_Stack_Size)
 *fill*         0x0000000020000330      0x400 
                0x0000000020000730                . = ALIGN (0x8)

/DISCARD/
 libc.a(*)
 libm.a(*)
 libgcc.a(*)

.ARM.attributes
                0x0000000000000000       0x28
 *(.ARM.attributes)
 .ARM.attributes
                0x0000000000000000       0x1e /Applications/STM32CubeIDE.app/Contents/Eclipse/plugins/com.st.stm32cube.ide.mcu.externaltools.gnu-tools-for-stm32.11.3.rel1.macos64_1.1.100.202310310803/tools/bin/../lib/gcc/arm-none-eabi/11.3.1/thumb/v6-m/nofp/crti.o
 .ARM.attributes
                0x000000000000001e       0x2c /Applications/STM32CubeIDE.app/Contents/Eclipse/plugins/com.st.stm32cube.ide.mcu.externaltools.gnu-tools-for-stm32.11.3.rel1.macos64_1.1.100.202310310803/tools/bin/../lib/gcc/arm-none-eabi/11.3.1/thumb/v6-m/nofp/crtbegin.o
 .ARM.attributes
                0x000000000000004a       0x2c ./Core/Src/Codecs.o
 .ARM.attributes
                0x0000000000000076       0x2c ./Core/Src/main.o
 .ARM.attributes
                0x00000000000000a2       0x2c ./Core/Src/stm32f0xx_hal_msp.o
 .ARM.attributes
                0x00000000000000ce       0x2c ./Core/Src/stm32f0xx_it.o
 .ARM.attributes
                0x00000000000000fa       0x2c ./Core/Src/system_stm32f0xx.o
 .ARM.attributes
                0x0000000000000126       0x21 ./Core/Startup/startup_stm32f030c8tx.o
 .ARM.attributes
                0x0000000000000147       0x2c ./Drivers/IC_Drivers/Src/AK4619.o
 .ARM.attributes
                0x0000000000000173       0x2c ./Drivers/STM32F0xx_HAL_Driver/Src/stm32f0xx_hal.o
 .ARM.attributes
                0x000000000000019f       0x2c ./Drivers/STM32F0xx_HAL_Driver/Src/stm32f0xx_hal_cortex.o
 .ARM.attributes
                0x00000000000001cb       0x2c ./Drivers/STM32F0xx_HAL_Driver/Src/stm32f0xx_hal_gpio.o
 .ARM.attributes
                0x00000000000001f7       0x2c ./Drivers/STM32F0xx_HAL_Driver/Src/stm32f0xx_hal_i2c.o
 .ARM.attributes
                0x0000000000000223       0x2c ./Drivers/STM32F0xx_HAL_Driver/Src/stm32f0xx_hal_rcc.o
 .ARM.attributes
                0x000000000000024f       0x2c ./Drivers/STM32F0xx_HAL_Driver/Src/stm32f0xx_hal_spi.o
 .ARM.attributes
                0x000000000000027b       0x2c /Applications/STM32CubeIDE.app/Contents/Eclipse/plugins/com.st.stm32cube.ide.mcu.externaltools.gnu-tools-for-stm32.11.3.rel1.macos64_1.1.100.202310310803/tools/bin/../lib/gcc/arm-none-eabi/11.3.1/../../../../arm-none-eabi/lib/thumb/v6-m/nofp/libc_nano.a(libc_a-memset.o)
 .ARM.attributes
                0x00000000000002a7       0x2c /Applications/STM32CubeIDE.app/Contents/Eclipse/plugins/com.st.stm32cube.ide.mcu.externaltools.gnu-tools-for-stm32.11.3.rel1.macos64_1.1.100.202310310803/tools/bin/../lib/gcc/arm-none-eabi/11.3.1/../../../../arm-none-eabi/lib/thumb/v6-m/nofp/libc_nano.a(libc_a-init.o)
 .ARM.attributes
                0x00000000000002d3       0x1e /Applications/STM32CubeIDE.app/Contents/Eclipse/plugins/com.st.stm32cube.ide.mcu.externaltools.gnu-tools-for-stm32.11.3.rel1.macos64_1.1.100.202310310803/tools/bin/../lib/gcc/arm-none-eabi/11.3.1/thumb/v6-m/nofp/libgcc.a(_udivsi3.o)
 .ARM.attributes
                0x00000000000002f1       0x1e /Applications/STM32CubeIDE.app/Contents/Eclipse/plugins/com.st.stm32cube.ide.mcu.externaltools.gnu-tools-for-stm32.11.3.rel1.macos64_1.1.100.202310310803/tools/bin/../lib/gcc/arm-none-eabi/11.3.1/thumb/v6-m/nofp/libgcc.a(_dvmd_tls.o)
 .ARM.attributes
                0x000000000000030f       0x1e /Applications/STM32CubeIDE.app/Contents/Eclipse/plugins/com.st.stm32cube.ide.mcu.externaltools.gnu-tools-for-stm32.11.3.rel1.macos64_1.1.100.202310310803/tools/bin/../lib/gcc/arm-none-eabi/11.3.1/thumb/v6-m/nofp/crtn.o
OUTPUT(SmallDSPMaxi_MCUFirmware.elf elf32-littlearm)
LOAD linker stubs
LOAD /Applications/STM32CubeIDE.app/Contents/Eclipse/plugins/com.st.stm32cube.ide.mcu.externaltools.gnu-tools-for-stm32.11.3.rel1.macos64_1.1.100.202310310803/tools/bin/../lib/gcc/arm-none-eabi/11.3.1/../../../../arm-none-eabi/lib/thumb/v6-m/nofp/libc.a
LOAD /Applications/STM32CubeIDE.app/Contents/Eclipse/plugins/com.st.stm32cube.ide.mcu.externaltools.gnu-tools-for-stm32.11.3.rel1.macos64_1.1.100.202310310803/tools/bin/../lib/gcc/arm-none-eabi/11.3.1/../../../../arm-none-eabi/lib/thumb/v6-m/nofp/libm.a
LOAD /Applications/STM32CubeIDE.app/Contents/Eclipse/plugins/com.st.stm32cube.ide.mcu.externaltools.gnu-tools-for-stm32.11.3.rel1.macos64_1.1.100.202310310803/tools/bin/../lib/gcc/arm-none-eabi/11.3.1/thumb/v6-m/nofp/libgcc.a

.comment        0x0000000000000000       0x43
 .comment       0x0000000000000000       0x43 /Applications/STM32CubeIDE.app/Contents/Eclipse/plugins/com.st.stm32cube.ide.mcu.externaltools.gnu-tools-for-stm32.11.3.rel1.macos64_1.1.100.202310310803/tools/bin/../lib/gcc/arm-none-eabi/11.3.1/thumb/v6-m/nofp/crtbegin.o
                                         0x44 (size before relaxing)
 .comment       0x0000000000000043       0x44 ./Core/Src/Codecs.o
 .comment       0x0000000000000043       0x44 ./Core/Src/main.o
 .comment       0x0000000000000043       0x44 ./Core/Src/stm32f0xx_hal_msp.o
 .comment       0x0000000000000043       0x44 ./Core/Src/stm32f0xx_it.o
 .comment       0x0000000000000043       0x44 ./Core/Src/system_stm32f0xx.o
 .comment       0x0000000000000043       0x44 ./Drivers/IC_Drivers/Src/AK4619.o
 .comment       0x0000000000000043       0x44 ./Drivers/STM32F0xx_HAL_Driver/Src/stm32f0xx_hal.o
 .comment       0x0000000000000043       0x44 ./Drivers/STM32F0xx_HAL_Driver/Src/stm32f0xx_hal_cortex.o
 .comment       0x0000000000000043       0x44 ./Drivers/STM32F0xx_HAL_Driver/Src/stm32f0xx_hal_gpio.o
 .comment       0x0000000000000043       0x44 ./Drivers/STM32F0xx_HAL_Driver/Src/stm32f0xx_hal_i2c.o
 .comment       0x0000000000000043       0x44 ./Drivers/STM32F0xx_HAL_Driver/Src/stm32f0xx_hal_rcc.o
 .comment       0x0000000000000043       0x44 ./Drivers/STM32F0xx_HAL_Driver/Src/stm32f0xx_hal_spi.o

.debug_info     0x0000000000000000     0x9bf3
 .debug_info    0x0000000000000000      0xc8a ./Core/Src/Codecs.o
 .debug_info    0x0000000000000c8a      0xa9f ./Core/Src/main.o
 .debug_info    0x0000000000001729      0x847 ./Core/Src/stm32f0xx_hal_msp.o
 .debug_info    0x0000000000001f70       0xe8 ./Core/Src/stm32f0xx_it.o
 .debug_info    0x0000000000002058      0x242 ./Core/Src/system_stm32f0xx.o
 .debug_info    0x000000000000229a       0x23 ./Core/Startup/startup_stm32f030c8tx.o
 .debug_info    0x00000000000022bd     0x27ba ./Drivers/IC_Drivers/Src/AK4619.o
 .debug_info    0x0000000000004a77      0x670 ./Drivers/STM32F0xx_HAL_Driver/Src/stm32f0xx_hal.o
 .debug_info    0x00000000000050e7      0x69b ./Drivers/STM32F0xx_HAL_Driver/Src/stm32f0xx_hal_cortex.o
 .debug_info    0x0000000000005782      0x5c3 ./Drivers/STM32F0xx_HAL_Driver/Src/stm32f0xx_hal_gpio.o
 .debug_info    0x0000000000005d45     0x2052 ./Drivers/STM32F0xx_HAL_Driver/Src/stm32f0xx_hal_i2c.o
 .debug_info    0x0000000000007d97      0x844 ./Drivers/STM32F0xx_HAL_Driver/Src/stm32f0xx_hal_rcc.o
 .debug_info    0x00000000000085db     0x1618 ./Drivers/STM32F0xx_HAL_Driver/Src/stm32f0xx_hal_spi.o

.debug_abbrev   0x0000000000000000     0x1828
 .debug_abbrev  0x0000000000000000      0x225 ./Core/Src/Codecs.o
 .debug_abbrev  0x0000000000000225      0x254 ./Core/Src/main.o
 .debug_abbrev  0x0000000000000479      0x1a5 ./Core/Src/stm32f0xx_hal_msp.o
 .debug_abbrev  0x000000000000061e       0x73 ./Core/Src/stm32f0xx_it.o
 .debug_abbrev  0x0000000000000691      0x11c ./Core/Src/system_stm32f0xx.o
 .debug_abbrev  0x00000000000007ad       0x12 ./Core/Startup/startup_stm32f030c8tx.o
 .debug_abbrev  0x00000000000007bf      0x26a ./Drivers/IC_Drivers/Src/AK4619.o
 .debug_abbrev  0x0000000000000a29      0x24b ./Drivers/STM32F0xx_HAL_Driver/Src/stm32f0xx_hal.o
 .debug_abbrev  0x0000000000000c74      0x28c ./Drivers/STM32F0xx_HAL_Driver/Src/stm32f0xx_hal_cortex.o
 .debug_abbrev  0x0000000000000f00      0x1c8 ./Drivers/STM32F0xx_HAL_Driver/Src/stm32f0xx_hal_gpio.o
 .debug_abbrev  0x00000000000010c8      0x270 ./Drivers/STM32F0xx_HAL_Driver/Src/stm32f0xx_hal_i2c.o
 .debug_abbrev  0x0000000000001338      0x28b ./Drivers/STM32F0xx_HAL_Driver/Src/stm32f0xx_hal_rcc.o
 .debug_abbrev  0x00000000000015c3      0x265 ./Drivers/STM32F0xx_HAL_Driver/Src/stm32f0xx_hal_spi.o

.debug_aranges  0x0000000000000000      0xa80
 .debug_aranges
                0x0000000000000000       0x20 ./Core/Src/Codecs.o
 .debug_aranges
                0x0000000000000020       0x40 ./Core/Src/main.o
 .debug_aranges
                0x0000000000000060       0x30 ./Core/Src/stm32f0xx_hal_msp.o
 .debug_aranges
                0x0000000000000090       0x40 ./Core/Src/stm32f0xx_it.o
 .debug_aranges
                0x00000000000000d0       0x28 ./Core/Src/system_stm32f0xx.o
 .debug_aranges
                0x00000000000000f8       0x28 ./Core/Startup/startup_stm32f030c8tx.o
 .debug_aranges
                0x0000000000000120      0x280 ./Drivers/IC_Drivers/Src/AK4619.o
 .debug_aranges
                0x00000000000003a0       0xd0 ./Drivers/STM32F0xx_HAL_Driver/Src/stm32f0xx_hal.o
 .debug_aranges
                0x0000000000000470       0xc0 ./Drivers/STM32F0xx_HAL_Driver/Src/stm32f0xx_hal_cortex.o
 .debug_aranges
                0x0000000000000530       0x58 ./Drivers/STM32F0xx_HAL_Driver/Src/stm32f0xx_hal_gpio.o
 .debug_aranges
                0x0000000000000588      0x2a0 ./Drivers/STM32F0xx_HAL_Driver/Src/stm32f0xx_hal_i2c.o
 .debug_aranges
                0x0000000000000828       0x80 ./Drivers/STM32F0xx_HAL_Driver/Src/stm32f0xx_hal_rcc.o
 .debug_aranges
                0x00000000000008a8      0x1d8 ./Drivers/STM32F0xx_HAL_Driver/Src/stm32f0xx_hal_spi.o

.debug_rnglists
                0x0000000000000000      0x822
 .debug_rnglists
                0x0000000000000000       0x14 ./Core/Src/Codecs.o
 .debug_rnglists
                0x0000000000000014       0x2d ./Core/Src/main.o
 .debug_rnglists
                0x0000000000000041       0x20 ./Core/Src/stm32f0xx_hal_msp.o
 .debug_rnglists
                0x0000000000000061       0x2b ./Core/Src/stm32f0xx_it.o
 .debug_rnglists
                0x000000000000008c       0x1a ./Core/Src/system_stm32f0xx.o
 .debug_rnglists
                0x00000000000000a6       0x19 ./Core/Startup/startup_stm32f030c8tx.o
 .debug_rnglists
                0x00000000000000bf      0x1fe ./Drivers/IC_Drivers/Src/AK4619.o
 .debug_rnglists
                0x00000000000002bd       0x97 ./Drivers/STM32F0xx_HAL_Driver/Src/stm32f0xx_hal.o
 .debug_rnglists
                0x0000000000000354       0x8c ./Drivers/STM32F0xx_HAL_Driver/Src/stm32f0xx_hal_cortex.o
 .debug_rnglists
                0x00000000000003e0       0x3f ./Drivers/STM32F0xx_HAL_Driver/Src/stm32f0xx_hal_gpio.o
 .debug_rnglists
                0x000000000000041f      0x229 ./Drivers/STM32F0xx_HAL_Driver/Src/stm32f0xx_hal_i2c.o
 .debug_rnglists
                0x0000000000000648       0x60 ./Drivers/STM32F0xx_HAL_Driver/Src/stm32f0xx_hal_rcc.o
 .debug_rnglists
                0x00000000000006a8      0x17a ./Drivers/STM32F0xx_HAL_Driver/Src/stm32f0xx_hal_spi.o

.debug_macro    0x0000000000000000     0xfdc5
 .debug_macro   0x0000000000000000      0x2bf ./Core/Src/Codecs.o
 .debug_macro   0x00000000000002bf      0xa7e ./Core/Src/Codecs.o
 .debug_macro   0x0000000000000d3d      0x12d ./Core/Src/Codecs.o
 .debug_macro   0x0000000000000e6a       0x2e ./Core/Src/Codecs.o
 .debug_macro   0x0000000000000e98       0x22 ./Core/Src/Codecs.o
 .debug_macro   0x0000000000000eba       0x22 ./Core/Src/Codecs.o
 .debug_macro   0x0000000000000edc       0x8e ./Core/Src/Codecs.o
 .debug_macro   0x0000000000000f6a       0x51 ./Core/Src/Codecs.o
 .debug_macro   0x0000000000000fbb      0x103 ./Core/Src/Codecs.o
 .debug_macro   0x00000000000010be       0x6a ./Core/Src/Codecs.o
 .debug_macro   0x0000000000001128      0x1df ./Core/Src/Codecs.o
 .debug_macro   0x0000000000001307       0x1c ./Core/Src/Codecs.o
 .debug_macro   0x0000000000001323       0x22 ./Core/Src/Codecs.o
 .debug_macro   0x0000000000001345       0xaf ./Core/Src/Codecs.o
 .debug_macro   0x00000000000013f4      0x391 ./Core/Src/Codecs.o
 .debug_macro   0x0000000000001785     0x6f47 ./Core/Src/Codecs.o
 .debug_macro   0x00000000000086cc       0x66 ./Core/Src/Codecs.o
 .debug_macro   0x0000000000008732     0x34be ./Core/Src/Codecs.o
 .debug_macro   0x000000000000bbf0      0x174 ./Core/Src/Codecs.o
 .debug_macro   0x000000000000bd64       0x55 ./Core/Src/Codecs.o
 .debug_macro   0x000000000000bdb9      0x924 ./Core/Src/Codecs.o
 .debug_macro   0x000000000000c6dd      0x17f ./Core/Src/Codecs.o
 .debug_macro   0x000000000000c85c      0x1ae ./Core/Src/Codecs.o
 .debug_macro   0x000000000000ca0a       0xd8 ./Core/Src/Codecs.o
 .debug_macro   0x000000000000cae2      0x1a0 ./Core/Src/Codecs.o
 .debug_macro   0x000000000000cc82      0x1ed ./Core/Src/Codecs.o
 .debug_macro   0x000000000000ce6f       0x34 ./Core/Src/Codecs.o
 .debug_macro   0x000000000000cea3       0x43 ./Core/Src/Codecs.o
 .debug_macro   0x000000000000cee6       0x28 ./Core/Src/Codecs.o
 .debug_macro   0x000000000000cf0e       0xb0 ./Core/Src/Codecs.o
 .debug_macro   0x000000000000cfbe      0x199 ./Core/Src/Codecs.o
 .debug_macro   0x000000000000d157      0x22c ./Core/Src/Codecs.o
 .debug_macro   0x000000000000d383       0x61 ./Core/Src/Codecs.o
 .debug_macro   0x000000000000d3e4       0xa5 ./Core/Src/Codecs.o
 .debug_macro   0x000000000000d489       0x4c ./Core/Src/Codecs.o
 .debug_macro   0x000000000000d4d5       0x2b ./Core/Src/Codecs.o
 .debug_macro   0x000000000000d500      0x2fe ./Core/Src/Codecs.o
 .debug_macro   0x000000000000d7fe       0xff ./Core/Src/Codecs.o
 .debug_macro   0x000000000000d8fd       0xe8 ./Core/Src/Codecs.o
 .debug_macro   0x000000000000d9e5       0x24 ./Core/Src/Codecs.o
 .debug_macro   0x000000000000da09       0x61 ./Core/Src/Codecs.o
 .debug_macro   0x000000000000da6a       0x43 ./Core/Src/Codecs.o
 .debug_macro   0x000000000000daad       0x34 ./Core/Src/Codecs.o
 .debug_macro   0x000000000000dae1       0x16 ./Core/Src/Codecs.o
 .debug_macro   0x000000000000daf7       0x35 ./Core/Src/Codecs.o
 .debug_macro   0x000000000000db2c       0x16 ./Core/Src/Codecs.o
 .debug_macro   0x000000000000db42       0x43 ./Core/Src/Codecs.o
 .debug_macro   0x000000000000db85       0x34 ./Core/Src/Codecs.o
 .debug_macro   0x000000000000dbb9       0x10 ./Core/Src/Codecs.o
 .debug_macro   0x000000000000dbc9       0x58 ./Core/Src/Codecs.o
 .debug_macro   0x000000000000dc21       0x8e ./Core/Src/Codecs.o
 .debug_macro   0x000000000000dcaf       0x1c ./Core/Src/Codecs.o
 .debug_macro   0x000000000000dccb      0x177 ./Core/Src/Codecs.o
 .debug_macro   0x000000000000de42      0x369 ./Core/Src/Codecs.o
 .debug_macro   0x000000000000e1ab       0x16 ./Core/Src/Codecs.o
 .debug_macro   0x000000000000e1c1       0x29 ./Core/Src/Codecs.o
 .debug_macro   0x000000000000e1ea      0x19b ./Core/Src/Codecs.o
 .debug_macro   0x000000000000e385       0xa0 ./Core/Src/Codecs.o
 .debug_macro   0x000000000000e425      0x2bf ./Core/Src/main.o
 .debug_macro   0x000000000000e6e4      0x2bf ./Core/Src/stm32f0xx_hal_msp.o
 .debug_macro   0x000000000000e9a3      0x2c9 ./Core/Src/stm32f0xx_it.o
 .debug_macro   0x000000000000ec6c      0x1ae ./Core/Src/system_stm32f0xx.o
 .debug_macro   0x000000000000ee1a      0x29c ./Drivers/IC_Drivers/Src/AK4619.o
 .debug_macro   0x000000000000f0b6      0x10e ./Drivers/IC_Drivers/Src/AK4619.o
 .debug_macro   0x000000000000f1c4       0x8d ./Drivers/IC_Drivers/Src/AK4619.o
 .debug_macro   0x000000000000f251       0x4f ./Drivers/IC_Drivers/Src/AK4619.o
 .debug_macro   0x000000000000f2a0      0x1d2 ./Drivers/STM32F0xx_HAL_Driver/Src/stm32f0xx_hal.o
 .debug_macro   0x000000000000f472      0x1ae ./Drivers/STM32F0xx_HAL_Driver/Src/stm32f0xx_hal_cortex.o
 .debug_macro   0x000000000000f620      0x1b5 ./Drivers/STM32F0xx_HAL_Driver/Src/stm32f0xx_hal_gpio.o
 .debug_macro   0x000000000000f7d5      0x27a ./Drivers/STM32F0xx_HAL_Driver/Src/stm32f0xx_hal_i2c.o
 .debug_macro   0x000000000000fa4f      0x1c0 ./Drivers/STM32F0xx_HAL_Driver/Src/stm32f0xx_hal_rcc.o
 .debug_macro   0x000000000000fc0f      0x1b6 ./Drivers/STM32F0xx_HAL_Driver/Src/stm32f0xx_hal_spi.o

.debug_line     0x0000000000000000     0xc65a
 .debug_line    0x0000000000000000      0x9ac ./Core/Src/Codecs.o
 .debug_line    0x00000000000009ac      0x9df ./Core/Src/main.o
 .debug_line    0x000000000000138b      0x8ff ./Core/Src/stm32f0xx_hal_msp.o
 .debug_line    0x0000000000001c8a      0x916 ./Core/Src/stm32f0xx_it.o
 .debug_line    0x00000000000025a0      0x73c ./Core/Src/system_stm32f0xx.o
 .debug_line    0x0000000000002cdc       0x7b ./Core/Startup/startup_stm32f030c8tx.o
 .debug_line    0x0000000000002d57     0x17eb ./Drivers/IC_Drivers/Src/AK4619.o
 .debug_line    0x0000000000004542      0x947 ./Drivers/STM32F0xx_HAL_Driver/Src/stm32f0xx_hal.o
 .debug_line    0x0000000000004e89      0x9f3 ./Drivers/STM32F0xx_HAL_Driver/Src/stm32f0xx_hal_cortex.o
 .debug_line    0x000000000000587c      0xac2 ./Drivers/STM32F0xx_HAL_Driver/Src/stm32f0xx_hal_gpio.o
 .debug_line    0x000000000000633e     0x375d ./Drivers/STM32F0xx_HAL_Driver/Src/stm32f0xx_hal_i2c.o
 .debug_line    0x0000000000009a9b      0xd2c ./Drivers/STM32F0xx_HAL_Driver/Src/stm32f0xx_hal_rcc.o
 .debug_line    0x000000000000a7c7     0x1e93 ./Drivers/STM32F0xx_HAL_Driver/Src/stm32f0xx_hal_spi.o

.debug_str      0x0000000000000000    0x5d1cf
 .debug_str     0x0000000000000000    0x5a022 ./Core/Src/Codecs.o
                                      0x5a384 (size before relaxing)
 .debug_str     0x000000000005a022      0x249 ./Core/Src/main.o
                                      0x5a09d (size before relaxing)
 .debug_str     0x000000000005a26b       0x5e ./Core/Src/stm32f0xx_hal_msp.o
                                      0x59eb7 (size before relaxing)
 .debug_str     0x000000000005a2c9       0x82 ./Core/Src/stm32f0xx_it.o
                                      0x59a04 (size before relaxing)
 .debug_str     0x000000000005a34b       0x8b ./Core/Src/system_stm32f0xx.o
                                      0x55910 (size before relaxing)
 .debug_str     0x000000000005a3d6       0x34 ./Core/Startup/startup_stm32f030c8tx.o
                                         0x8d (size before relaxing)
 .debug_str     0x000000000005a40a     0x107c ./Drivers/IC_Drivers/Src/AK4619.o
                                      0x5af5a (size before relaxing)
 .debug_str     0x000000000005b486      0x4ad ./Drivers/STM32F0xx_HAL_Driver/Src/stm32f0xx_hal.o
                                      0x55ea4 (size before relaxing)
 .debug_str     0x000000000005b933      0x1d2 ./Drivers/STM32F0xx_HAL_Driver/Src/stm32f0xx_hal_cortex.o
                                      0x55c95 (size before relaxing)
 .debug_str     0x000000000005bb05      0x118 ./Drivers/STM32F0xx_HAL_Driver/Src/stm32f0xx_hal_gpio.o
                                      0x55ab1 (size before relaxing)
 .debug_str     0x000000000005bc1d      0xe6c ./Drivers/STM32F0xx_HAL_Driver/Src/stm32f0xx_hal_i2c.o
                                      0x56c71 (size before relaxing)
 .debug_str     0x000000000005ca89      0x20f ./Drivers/STM32F0xx_HAL_Driver/Src/stm32f0xx_hal_rcc.o
                                      0x55d4c (size before relaxing)
 .debug_str     0x000000000005cc98      0x537 ./Drivers/STM32F0xx_HAL_Driver/Src/stm32f0xx_hal_spi.o
                                      0x5627a (size before relaxing)

.debug_frame    0x0000000000000000     0x2674
 .debug_frame   0x0000000000000000       0x34 ./Core/Src/Codecs.o
 .debug_frame   0x0000000000000034       0xa8 ./Core/Src/main.o
 .debug_frame   0x00000000000000dc       0x70 ./Core/Src/stm32f0xx_hal_msp.o
 .debug_frame   0x000000000000014c       0x9c ./Core/Src/stm32f0xx_it.o
 .debug_frame   0x00000000000001e8       0x4c ./Core/Src/system_stm32f0xx.o
 .debug_frame   0x0000000000000234      0xa74 ./Drivers/IC_Drivers/Src/AK4619.o
 .debug_frame   0x0000000000000ca8      0x2a4 ./Drivers/STM32F0xx_HAL_Driver/Src/stm32f0xx_hal.o
 .debug_frame   0x0000000000000f4c      0x2a0 ./Drivers/STM32F0xx_HAL_Driver/Src/stm32f0xx_hal_cortex.o
 .debug_frame   0x00000000000011ec      0x110 ./Drivers/STM32F0xx_HAL_Driver/Src/stm32f0xx_hal_gpio.o
 .debug_frame   0x00000000000012fc      0xa64 ./Drivers/STM32F0xx_HAL_Driver/Src/stm32f0xx_hal_i2c.o
 .debug_frame   0x0000000000001d60      0x198 ./Drivers/STM32F0xx_HAL_Driver/Src/stm32f0xx_hal_rcc.o
 .debug_frame   0x0000000000001ef8      0x710 ./Drivers/STM32F0xx_HAL_Driver/Src/stm32f0xx_hal_spi.o
 .debug_frame   0x0000000000002608       0x20 /Applications/STM32CubeIDE.app/Contents/Eclipse/plugins/com.st.stm32cube.ide.mcu.externaltools.gnu-tools-for-stm32.11.3.rel1.macos64_1.1.100.202310310803/tools/bin/../lib/gcc/arm-none-eabi/11.3.1/../../../../arm-none-eabi/lib/thumb/v6-m/nofp/libc_nano.a(libc_a-memset.o)
 .debug_frame   0x0000000000002628       0x2c /Applications/STM32CubeIDE.app/Contents/Eclipse/plugins/com.st.stm32cube.ide.mcu.externaltools.gnu-tools-for-stm32.11.3.rel1.macos64_1.1.100.202310310803/tools/bin/../lib/gcc/arm-none-eabi/11.3.1/../../../../arm-none-eabi/lib/thumb/v6-m/nofp/libc_nano.a(libc_a-init.o)
 .debug_frame   0x0000000000002654       0x20 /Applications/STM32CubeIDE.app/Contents/Eclipse/plugins/com.st.stm32cube.ide.mcu.externaltools.gnu-tools-for-stm32.11.3.rel1.macos64_1.1.100.202310310803/tools/bin/../lib/gcc/arm-none-eabi/11.3.1/thumb/v6-m/nofp/libgcc.a(_udivsi3.o)

.debug_line_str
                0x0000000000000000       0x81
 .debug_line_str
                0x0000000000000000       0x81 ./Core/Startup/startup_stm32f030c8tx.o
                                         0x99 (size before relaxing)
